Checking input data.
Processing 1 inputs with 1 threads.
  0%|          | 0/1 [00:00<?, ?it/s]100%|██████████| 1/1 [00:00<00:00,  3.95it/s]100%|██████████| 1/1 [00:00<00:00,  3.95it/s]
Using bfloat16 Automatic Mixed Precision (AMP)
GPU available: True (cuda), used: True
TPU available: False, using: 0 TPU cores
HPU available: False, using: 0 HPUs
/storage/cms/wangyy_lab/pjg5318/.conda/envs/boltz/lib/python3.10/site-packages/pytorch_lightning/trainer/connectors/logger_connector/logger_connector.py:76: Starting from v1.9.0, `tensorboardX` has been removed as a dependency of the `pytorch_lightning` package, due to potential conflicts with other packages in the ML ecosystem. For this reason, `logger=True` will use `CSVLogger` as the default logger, unless the `tensorboard` or `tensorboardX` packages are found. Please `pip install lightning[extra]` or one of them to enable TensorBoard support by default
Running structure prediction for 1 input.
/storage/cms/wangyy_lab/pjg5318/.conda/envs/boltz/lib/python3.10/site-packages/pytorch_lightning/utilities/migration/utils.py:56: The loaded checkpoint was produced with Lightning v2.5.0.post0, which is newer than your current Lightning version: v2.5.0
You are using a CUDA device ('NVIDIA H100 PCIe') that has Tensor Cores. To properly utilize them, you should set `torch.set_float32_matmul_precision('medium' | 'high')` which will trade-off precision for performance. For more details, read https://pytorch.org/docs/stable/generated/torch.set_float32_matmul_precision.html#torch.set_float32_matmul_precision
LOCAL_RANK: 0 - CUDA_VISIBLE_DEVICES: [0]
SLURM auto-requeueing enabled. Setting signal handlers.
Predicting: |          | 0/? [00:00<?, ?it/s]Predicting:   0%|          | 0/1 [00:00<?, ?it/s]Predicting DataLoader 0:   0%|          | 0/1 [00:00<?, ?it/s]Traceback (most recent call last):
  File "/storage/cms/wangyy_lab/pjg5318/.conda/envs/boltz/bin/boltz", line 8, in <module>
    sys.exit(cli())
  File "/storage/cms/wangyy_lab/pjg5318/.conda/envs/boltz/lib/python3.10/site-packages/click/core.py", line 1157, in __call__
    return self.main(*args, **kwargs)
  File "/storage/cms/wangyy_lab/pjg5318/.conda/envs/boltz/lib/python3.10/site-packages/click/core.py", line 1078, in main
    rv = self.invoke(ctx)
  File "/storage/cms/wangyy_lab/pjg5318/.conda/envs/boltz/lib/python3.10/site-packages/click/core.py", line 1688, in invoke
    return _process_result(sub_ctx.command.invoke(sub_ctx))
  File "/storage/cms/wangyy_lab/pjg5318/.conda/envs/boltz/lib/python3.10/site-packages/click/core.py", line 1434, in invoke
    return ctx.invoke(self.callback, **ctx.params)
  File "/storage/cms/wangyy_lab/pjg5318/.conda/envs/boltz/lib/python3.10/site-packages/click/core.py", line 783, in invoke
    return __callback(*args, **kwargs)
  File "/storage/cms/wangyy_lab/pjg5318/.conda/envs/boltz/lib/python3.10/site-packages/boltz/main.py", line 1328, in predict
    trainer.predict(
  File "/storage/cms/wangyy_lab/pjg5318/.conda/envs/boltz/lib/python3.10/site-packages/pytorch_lightning/trainer/trainer.py", line 859, in predict
    return call._call_and_handle_interrupt(
  File "/storage/cms/wangyy_lab/pjg5318/.conda/envs/boltz/lib/python3.10/site-packages/pytorch_lightning/trainer/call.py", line 47, in _call_and_handle_interrupt
    return trainer_fn(*args, **kwargs)
  File "/storage/cms/wangyy_lab/pjg5318/.conda/envs/boltz/lib/python3.10/site-packages/pytorch_lightning/trainer/trainer.py", line 898, in _predict_impl
    results = self._run(model, ckpt_path=ckpt_path)
  File "/storage/cms/wangyy_lab/pjg5318/.conda/envs/boltz/lib/python3.10/site-packages/pytorch_lightning/trainer/trainer.py", line 982, in _run
    results = self._run_stage()
  File "/storage/cms/wangyy_lab/pjg5318/.conda/envs/boltz/lib/python3.10/site-packages/pytorch_lightning/trainer/trainer.py", line 1021, in _run_stage
    return self.predict_loop.run()
  File "/storage/cms/wangyy_lab/pjg5318/.conda/envs/boltz/lib/python3.10/site-packages/pytorch_lightning/loops/utilities.py", line 179, in _decorator
    return loop_run(self, *args, **kwargs)
  File "/storage/cms/wangyy_lab/pjg5318/.conda/envs/boltz/lib/python3.10/site-packages/pytorch_lightning/loops/prediction_loop.py", line 125, in run
    self._predict_step(batch, batch_idx, dataloader_idx, dataloader_iter)
  File "/storage/cms/wangyy_lab/pjg5318/.conda/envs/boltz/lib/python3.10/site-packages/pytorch_lightning/loops/prediction_loop.py", line 255, in _predict_step
    predictions = call._call_strategy_hook(trainer, "predict_step", *step_args)
  File "/storage/cms/wangyy_lab/pjg5318/.conda/envs/boltz/lib/python3.10/site-packages/pytorch_lightning/trainer/call.py", line 323, in _call_strategy_hook
    output = fn(*args, **kwargs)
  File "/storage/cms/wangyy_lab/pjg5318/.conda/envs/boltz/lib/python3.10/site-packages/pytorch_lightning/strategies/strategy.py", line 438, in predict_step
    return self.lightning_module.predict_step(*args, **kwargs)
  File "/storage/cms/wangyy_lab/pjg5318/.conda/envs/boltz/lib/python3.10/site-packages/boltz/model/models/boltz2.py", line 1059, in predict_step
    out = self(
  File "/storage/cms/wangyy_lab/pjg5318/.conda/envs/boltz/lib/python3.10/site-packages/torch/nn/modules/module.py", line 1751, in _wrapped_call_impl
    return self._call_impl(*args, **kwargs)
  File "/storage/cms/wangyy_lab/pjg5318/.conda/envs/boltz/lib/python3.10/site-packages/torch/nn/modules/module.py", line 1762, in _call_impl
    return forward_call(*args, **kwargs)
  File "/storage/cms/wangyy_lab/pjg5318/.conda/envs/boltz/lib/python3.10/site-packages/boltz/model/models/boltz2.py", line 464, in forward
    z = z + template_module(
  File "/storage/cms/wangyy_lab/pjg5318/.conda/envs/boltz/lib/python3.10/site-packages/torch/nn/modules/module.py", line 1751, in _wrapped_call_impl
    return self._call_impl(*args, **kwargs)
  File "/storage/cms/wangyy_lab/pjg5318/.conda/envs/boltz/lib/python3.10/site-packages/torch/nn/modules/module.py", line 1762, in _call_impl
    return forward_call(*args, **kwargs)
  File "/storage/cms/wangyy_lab/pjg5318/.conda/envs/boltz/lib/python3.10/site-packages/boltz/model/modules/trunkv2.py", line 498, in forward
    v = v + self.pairformer(v, pair_mask, use_kernels=use_kernels)
  File "/storage/cms/wangyy_lab/pjg5318/.conda/envs/boltz/lib/python3.10/site-packages/torch/nn/modules/module.py", line 1751, in _wrapped_call_impl
    return self._call_impl(*args, **kwargs)
  File "/storage/cms/wangyy_lab/pjg5318/.conda/envs/boltz/lib/python3.10/site-packages/torch/nn/modules/module.py", line 1762, in _call_impl
    return forward_call(*args, **kwargs)
  File "/storage/cms/wangyy_lab/pjg5318/.conda/envs/boltz/lib/python3.10/site-packages/boltz/model/layers/pairformer.py", line 329, in forward
    z = layer(
  File "/storage/cms/wangyy_lab/pjg5318/.conda/envs/boltz/lib/python3.10/site-packages/torch/nn/modules/module.py", line 1751, in _wrapped_call_impl
    return self._call_impl(*args, **kwargs)
  File "/storage/cms/wangyy_lab/pjg5318/.conda/envs/boltz/lib/python3.10/site-packages/torch/nn/modules/module.py", line 1762, in _call_impl
    return forward_call(*args, **kwargs)
  File "/storage/cms/wangyy_lab/pjg5318/.conda/envs/boltz/lib/python3.10/site-packages/boltz/model/layers/pairformer.py", line 243, in forward
    z = z + dropout * self.tri_mul_out(
  File "/storage/cms/wangyy_lab/pjg5318/.conda/envs/boltz/lib/python3.10/site-packages/torch/nn/modules/module.py", line 1751, in _wrapped_call_impl
    return self._call_impl(*args, **kwargs)
  File "/storage/cms/wangyy_lab/pjg5318/.conda/envs/boltz/lib/python3.10/site-packages/torch/nn/modules/module.py", line 1762, in _call_impl
    return forward_call(*args, **kwargs)
  File "/storage/cms/wangyy_lab/pjg5318/.conda/envs/boltz/lib/python3.10/site-packages/boltz/model/layers/triangular_mult.py", line 92, in forward
    return kernel_triangular_mult(
  File "/storage/cms/wangyy_lab/pjg5318/.conda/envs/boltz/lib/python3.10/site-packages/torch/_dynamo/eval_frame.py", line 838, in _fn
    return fn(*args, **kwargs)
  File "/storage/cms/wangyy_lab/pjg5318/.conda/envs/boltz/lib/python3.10/site-packages/boltz/model/layers/triangular_mult.py", line 22, in kernel_triangular_mult
    from cuequivariance_torch.primitives.triangle import triangle_multiplicative_update
ModuleNotFoundError: No module named 'cuequivariance_torch'
Predicting DataLoader 0:   0%|          | 0/1 [00:02<?, ?it/s]